<?xml version="1.0" encoding="UTF-8"?>
<testsuites name="bun test" tests="119" assertions="238" failures="52" skipped="0" time="6.74049384">
  <testsuite name="src/storage/toon-store.test.ts" file="src/storage/toon-store.test.ts" tests="3" assertions="7" failures="0" skipped="0" time="0" hostname="pizza">
    <testsuite name="TOON store" file="src/storage/toon-store.test.ts" line="25" tests="3" assertions="7" failures="0" skipped="0" time="0.009" hostname="pizza">
      <testcase name="writes content-addressed objects" classname="TOON store" time="0.006302" file="src/storage/toon-store.test.ts" line="26" assertions="3" />
      <testcase name="stores small payloads inline" classname="TOON store" time="0.001359" file="src/storage/toon-store.test.ts" line="40" assertions="2" />
      <testcase name="stores large payloads as TOON objects" classname="TOON store" time="0.002103" file="src/storage/toon-store.test.ts" line="51" assertions="2" />
    </testsuite>
  </testsuite>
  <testsuite name="src/storage/migrations.test.ts" file="src/storage/migrations.test.ts" tests="3" assertions="19" failures="0" skipped="0" time="0" hostname="pizza">
    <testsuite name="migrations" file="src/storage/migrations.test.ts" line="5" tests="3" assertions="19" failures="0" skipped="0" time="0" hostname="pizza">
      <testcase name="defines the squashed initial schema migration" classname="migrations" time="0.000091" file="src/storage/migrations.test.ts" line="6" assertions="1" />
      <testcase name="creates the core memory tables in the squashed migration" classname="migrations" time="0.000191" file="src/storage/migrations.test.ts" line="12" assertions="15" />
      <testcase name="runs unapplied migrations through an adapter transaction" classname="migrations" time="0.000576" file="src/storage/migrations.test.ts" line="38" assertions="3" />
    </testsuite>
  </testsuite>
  <testsuite name="src/storage/database.test.ts" file="src/storage/database.test.ts" tests="1" assertions="3" failures="0" skipped="0" time="0" hostname="pizza">
    <testsuite name="project database" file="src/storage/database.test.ts" line="18" tests="1" assertions="3" failures="0" skipped="0" time="0.215" hostname="pizza">
      <testcase name="creates config and migrated database when opened directly" classname="project database" time="0.215748" file="src/storage/database.test.ts" line="19" assertions="3" />
    </testsuite>
  </testsuite>
  <testsuite name="src/storage/event-log.test.ts" file="src/storage/event-log.test.ts" tests="1" assertions="3" failures="0" skipped="0" time="0" hostname="pizza">
    <testsuite name="event log" file="src/storage/event-log.test.ts" line="5" tests="1" assertions="3" failures="0" skipped="0" time="0" hostname="pizza">
      <testcase name="inserts memory events with drizzle" classname="event log" time="0.000366" file="src/storage/event-log.test.ts" line="6" assertions="3" />
    </testsuite>
  </testsuite>
  <testsuite name="src/storage/wasm-sqlite-adapter.test.ts" file="src/storage/wasm-sqlite-adapter.test.ts" tests="2" assertions="4" failures="0" skipped="0" time="0" hostname="pizza">
    <testsuite name="WASM SQLite adapter" file="src/storage/wasm-sqlite-adapter.test.ts" line="23" tests="2" assertions="4" failures="0" skipped="0" time="0.029" hostname="pizza">
      <testcase name="executes queries and persists the database to disk" classname="WASM SQLite adapter" time="0.01852" file="src/storage/wasm-sqlite-adapter.test.ts" line="24" assertions="2" />
      <testcase name="rolls back failed transactions" classname="WASM SQLite adapter" time="0.011421" file="src/storage/wasm-sqlite-adapter.test.ts" line="53" assertions="2" />
    </testsuite>
  </testsuite>
  <testsuite name="src/memory/search-index.test.ts" file="src/memory/search-index.test.ts" tests="2" assertions="3" failures="0" skipped="0" time="0" hostname="pizza">
    <testsuite name="search index" file="src/memory/search-index.test.ts" line="26" tests="2" assertions="3" failures="0" skipped="0" time="0.128" hostname="pizza">
      <testcase name="creates an FTS index when supported by SQLite WASM" classname="search index" time="0.04098" file="src/memory/search-index.test.ts" line="27" assertions="1" />
      <testcase name="backfills existing observations into FTS" classname="search index" time="0.088674" file="src/memory/search-index.test.ts" line="35" assertions="2" />
    </testsuite>
  </testsuite>
  <testsuite name="src/memory/search-policy.test.ts" file="src/memory/search-policy.test.ts" tests="2" assertions="4" failures="0" skipped="0" time="0" hostname="pizza">
    <testsuite name="search policy" file="src/memory/search-policy.test.ts" line="25" tests="2" assertions="4" failures="0" skipped="0" time="0.119" hostname="pizza">
      <testcase name="gates diary from recall when no continuity intent is present" classname="search policy" time="0.062352" file="src/memory/search-policy.test.ts" line="26" assertions="2" />
      <testcase name="downranks agent references for recall unless query asks for agent context" classname="search policy" time="0.057331" file="src/memory/search-policy.test.ts" line="53" assertions="2" />
    </testsuite>
  </testsuite>
  <testsuite name="src/memory/taxonomy-store.test.ts" file="src/memory/taxonomy-store.test.ts" tests="4" assertions="6" failures="0" skipped="0" time="0" hostname="pizza">
    <testsuite name="TaxonomyStore" file="src/memory/taxonomy-store.test.ts" line="34" tests="4" assertions="6" failures="0" skipped="0" time="0.138" hostname="pizza">
      <testcase name="upserts sibling nodes by case-insensitive name" classname="TaxonomyStore" time="0.038082" file="src/memory/taxonomy-store.test.ts" line="35" assertions="2" />
      <testcase name="loads a bounded subtree from root nodes" classname="TaxonomyStore" time="0.040379" file="src/memory/taxonomy-store.test.ts" line="52" assertions="1" />
      <testcase name="links taxonomy nodes to memory targets without duplicating links" classname="TaxonomyStore" time="0.033293" file="src/memory/taxonomy-store.test.ts" line="77" assertions="2" />
      <testcase name="returns breadcrumb paths from root to node" classname="TaxonomyStore" time="0.027069" file="src/memory/taxonomy-store.test.ts" line="98" assertions="1" />
    </testsuite>
  </testsuite>
  <testsuite name="src/memory/graph-store.test.ts" file="src/memory/graph-store.test.ts" tests="5" assertions="0" failures="5" skipped="0" time="0" hostname="pizza">
    <testsuite name="GraphStore" file="src/memory/graph-store.test.ts" line="34" tests="5" assertions="0" failures="5" skipped="0" time="0.219" hostname="pizza">
      <testcase name="upserts entities by canonical name" classname="GraphStore" time="0.039848" file="src/memory/graph-store.test.ts" line="35" assertions="0">
        <failure type="AssertionError" />
      </testcase>
      <testcase name="traverses active incoming and outgoing neighbors with bounded depth" classname="GraphStore" time="0.043189" file="src/memory/graph-store.test.ts" line="55" assertions="0">
        <failure type="AssertionError" />
      </testcase>
      <testcase name="searches entities by name, summary, and aliases" classname="GraphStore" time="0.033647" file="src/memory/graph-store.test.ts" line="92" assertions="0">
        <failure type="AssertionError" />
      </testcase>
      <testcase name="finds a small directed path with a recursive CTE" classname="GraphStore" time="0.051185" file="src/memory/graph-store.test.ts" line="109" assertions="0">
        <failure type="AssertionError" />
      </testcase>
      <testcase name="invalidates and supersedes relations so traversal only sees current facts" classname="GraphStore" time="0.053127" file="src/memory/graph-store.test.ts" line="136" assertions="0">
        <failure type="AssertionError" />
      </testcase>
    </testsuite>
  </testsuite>
  <testsuite name="src/memory/forget-store.test.ts" file="src/memory/forget-store.test.ts" tests="4" assertions="0" failures="4" skipped="0" time="0" hostname="pizza">
    <testsuite name="forgetMemory" file="src/memory/forget-store.test.ts" line="34" tests="4" assertions="0" failures="4" skipped="0" time="0.124" hostname="pizza">
      <testcase name="soft deletes saved memory and removes it from search" classname="forgetMemory" time="0.036769" file="src/memory/forget-store.test.ts" line="35" assertions="0">
        <failure type="AssertionError" />
      </testcase>
      <testcase name="hard deletes sensitive memory rows" classname="forgetMemory" time="0.029683" file="src/memory/forget-store.test.ts" line="62" assertions="0">
        <failure type="AssertionError" />
      </testcase>
      <testcase name="query forget targets authored memory records" classname="forgetMemory" time="0.030517" file="src/memory/forget-store.test.ts" line="84" assertions="0">
        <failure type="AssertionError" />
      </testcase>
      <testcase name="invalidates relations through the forget path" classname="forgetMemory" time="0.029539" file="src/memory/forget-store.test.ts" line="111" assertions="0">
        <failure type="AssertionError" />
      </testcase>
    </testsuite>
  </testsuite>
  <testsuite name="src/memory/save-search-store.test.ts" file="src/memory/save-search-store.test.ts" tests="10" assertions="3" failures="9" skipped="0" time="0" hostname="pizza">
    <testsuite name="save and search stores" file="src/memory/save-search-store.test.ts" line="28" tests="10" assertions="3" failures="9" skipped="0" time="0.271" hostname="pizza">
      <testcase name="persists memory observations and returns lexical matches" classname="save and search stores" time="0.02586" file="src/memory/save-search-store.test.ts" line="29" assertions="0">
        <failure type="AssertionError" />
      </testcase>
      <testcase name="uses FTS indexed documents for saved memories" classname="save and search stores" time="0.037169" file="src/memory/save-search-store.test.ts" line="56" assertions="0">
        <failure type="AssertionError" />
      </testcase>
      <testcase name="deduplicates durable memories by content hash" classname="save and search stores" time="0.021408" file="src/memory/save-search-store.test.ts" line="74" assertions="0">
        <failure type="AssertionError" />
      </testcase>
      <testcase name="rejects low-quality or sensitive memory content" classname="save and search stores" time="0.024166" file="src/memory/save-search-store.test.ts" line="97" assertions="2" />
      <testcase name="returns trimmed excerpts and scoring metadata for long memories" classname="save and search stores" time="0.029808" file="src/memory/save-search-store.test.ts" line="118" assertions="0">
        <failure type="AssertionError" />
      </testcase>
      <testcase name="persists diary entries and searches summaries" classname="save and search stores" time="0.023764" file="src/memory/save-search-store.test.ts" line="145" assertions="0">
        <failure type="AssertionError" />
      </testcase>
      <testcase name="persists structured memory batches and one diary entry" classname="save and search stores" time="0.027399" file="src/memory/save-search-store.test.ts" line="170" assertions="0">
        <failure type="AssertionError" />
      </testcase>
      <testcase name="does not store structured memory when it contains a secret" classname="save and search stores" time="0.028432" file="src/memory/save-search-store.test.ts" line="215" assertions="1">
        <failure type="AssertionError" />
      </testcase>
      <testcase name="skips invalid structured memories in a batch" classname="save and search stores" time="0.033177" file="src/memory/save-search-store.test.ts" line="234" assertions="0">
        <failure type="AssertionError" />
      </testcase>
      <testcase name="indexes saved memory and diary into retrieval documents" classname="save and search stores" time="0.024053" file="src/memory/save-search-store.test.ts" line="265" assertions="0">
        <failure type="AssertionError" />
      </testcase>
    </testsuite>
  </testsuite>
  <testsuite name="src/project/context.test.ts" file="src/project/context.test.ts" tests="4" assertions="7" failures="0" skipped="0" time="0" hostname="pizza">
    <testsuite name="project context" file="src/project/context.test.ts" line="25" tests="4" assertions="7" failures="0" skipped="0" time="0.008" hostname="pizza">
      <testcase name="uses explicit project root overrides" classname="project context" time="0.004068" file="src/project/context.test.ts" line="26" assertions="3" />
      <testcase name="creates default config for the project-local memory directory" classname="project context" time="0.000114" file="src/project/context.test.ts" line="38" assertions="1" />
      <testcase name="reports missing memory when the project is not initialized" classname="project context" time="0.002113" file="src/project/context.test.ts" line="51" assertions="1" />
      <testcase name="reports missing extraction metadata when config exists" classname="project context" time="0.002918" file="src/project/context.test.ts" line="64" assertions="2" />
    </testsuite>
  </testsuite>
  <testsuite name="src/mcp/retrieval-evals.test.ts" file="src/mcp/retrieval-evals.test.ts" tests="8" assertions="0" failures="8" skipped="0" time="0" hostname="pizza">
    <testsuite name="retrieval quality evals" file="src/mcp/retrieval-evals.test.ts" line="22" tests="8" assertions="0" failures="8" skipped="0" time="1.004" hostname="pizza">
      <testcase name="supports packaging and MCP retrieval dogfood flow" classname="retrieval quality evals" time="0.226389" file="src/mcp/retrieval-evals.test.ts" line="23" assertions="0">
        <failure type="AssertionError" />
      </testcase>
      <testcase name="returns useful MCP runtime errors for invalid save input" classname="retrieval quality evals" time="0.045938" file="src/mcp/retrieval-evals.test.ts" line="63" assertions="0">
        <failure type="AssertionError" />
      </testcase>
      <testcase name="rejects invalid save chat before refreshing project memory" classname="retrieval quality evals" time="0.118013" file="src/mcp/retrieval-evals.test.ts" line="80" assertions="0">
        <failure type="AssertionError" />
      </testcase>
      <testcase name="updates changed project memory after saving context" classname="retrieval quality evals" time="0.100441" file="src/mcp/retrieval-evals.test.ts" line="117" assertions="0">
        <failure type="AssertionError" />
      </testcase>
      <testcase name="includes module artifacts in warm up highlights" classname="retrieval quality evals" time="0.098841" file="src/mcp/retrieval-evals.test.ts" line="172" assertions="0">
        <failure type="AssertionError" />
      </testcase>
      <testcase name="keeps TOON output more compact than JSON-in-text for recall" classname="retrieval quality evals" time="0.133477" file="src/mcp/retrieval-evals.test.ts" line="204" assertions="0">
        <failure type="AssertionError" />
      </testcase>
      <testcase name="prioritizes implementation files for implementation recall tasks" classname="retrieval quality evals" time="0.173029" file="src/mcp/retrieval-evals.test.ts" line="234" assertions="0">
        <failure type="AssertionError" />
      </testcase>
      <testcase name="uses SQLite WASM local storage context for retrieval" classname="retrieval quality evals" time="0.111558" file="src/mcp/retrieval-evals.test.ts" line="280" assertions="0">
        <failure type="AssertionError" />
      </testcase>
    </testsuite>
  </testsuite>
  <testsuite name="src/mcp/prompts.test.ts" file="src/mcp/prompts.test.ts" tests="6" assertions="32" failures="0" skipped="0" time="0" hostname="pizza">
    <testsuite name="MCP prompts" file="src/mcp/prompts.test.ts" line="10" tests="6" assertions="32" failures="0" skipped="0" time="0" hostname="pizza">
      <testcase name="does not expose a status tool" classname="MCP prompts" time="0.000128" file="src/mcp/prompts.test.ts" line="11" assertions="1" />
      <testcase name="exposes tools in the documented MCP API order" classname="MCP prompts" time="0.000054" file="src/mcp/prompts.test.ts" line="17" assertions="1" />
      <testcase name="exposes lifecycle prompts with Konteks-prefixed names" classname="MCP prompts" time="0.000824" file="src/mcp/prompts.test.ts" line="27" assertions="2" />
      <testcase name="keeps recall supplemental during build prompts" classname="MCP prompts" time="0.00091" file="src/mcp/prompts.test.ts" line="44" assertions="3" />
      <testcase name="supports an optional warm-up focus prompt" classname="MCP prompts" time="0.000999" file="src/mcp/prompts.test.ts" line="57" assertions="5" />
      <testcase name="guides save toward diary plus durable memory without refresh noise" classname="MCP prompts" time="0.000631" file="src/mcp/prompts.test.ts" line="82" assertions="20" />
    </testsuite>
  </testsuite>
  <testsuite name="src/mcp/warm-up.test.ts" file="src/mcp/warm-up.test.ts" tests="4" assertions="1" failures="3" skipped="0" time="0" hostname="pizza">
    <testsuite name="konteks_warm_up" file="src/mcp/warm-up.test.ts" line="10" tests="4" assertions="1" failures="3" skipped="0" time="0.356" hostname="pizza">
      <testcase name="returns stable project context assembled from stored artifacts" classname="konteks_warm_up" time="0.12997" file="src/mcp/warm-up.test.ts" line="20" assertions="0">
        <failure type="AssertionError" />
      </testcase>
      <testcase name="updates changed project memory before warming up" classname="konteks_warm_up" time="0.091039" file="src/mcp/warm-up.test.ts" line="93" assertions="0">
        <failure type="AssertionError" />
      </testcase>
      <testcase name="returns quality-labeled focused recall without duplicate targets" classname="konteks_warm_up" time="0.133025" file="src/mcp/warm-up.test.ts" line="133" assertions="0">
        <failure type="AssertionError" />
      </testcase>
      <testcase name="fails with a short health error when memory is not initialized" classname="konteks_warm_up" time="0.003249" file="src/mcp/warm-up.test.ts" line="169" assertions="1" />
    </testsuite>
  </testsuite>
  <testsuite name="src/mcp/recall-graph.test.ts" file="src/mcp/recall-graph.test.ts" tests="2" assertions="0" failures="2" skipped="0" time="0" hostname="pizza">
    <testsuite name="recallGraph" file="src/mcp/recall-graph.test.ts" line="32" tests="2" assertions="0" failures="2" skipped="0" time="0.046" hostname="pizza">
      <testcase name="returns compact active graph context for task-matched entities" classname="recallGraph" time="0.022813" file="src/mcp/recall-graph.test.ts" line="33" assertions="0">
        <failure type="AssertionError" />
      </testcase>
      <testcase name="only returns historical graph context when the task asks for it" classname="recallGraph" time="0.024035" file="src/mcp/recall-graph.test.ts" line="72" assertions="0">
        <failure type="AssertionError" />
      </testcase>
    </testsuite>
  </testsuite>
  <testsuite name="src/mcp/inputs.test.ts" file="src/mcp/inputs.test.ts" tests="9" assertions="13" failures="0" skipped="0" time="0" hostname="pizza">
    <testsuite name="MCP input parsing" file="src/mcp/inputs.test.ts" line="12" tests="9" assertions="13" failures="0" skipped="0" time="0.003" hostname="pizza">
      <testcase name="accepts warm-up options" classname="MCP input parsing" time="0.001298" file="src/mcp/inputs.test.ts" line="13" assertions="1" />
      <testcase name="keeps warm-up schema limited to implemented options" classname="MCP input parsing" time="0.000142" file="src/mcp/inputs.test.ts" line="25" assertions="1" />
      <testcase name="requires recall task text" classname="MCP input parsing" time="0.001632" file="src/mcp/inputs.test.ts" line="32" assertions="2" />
      <testcase name="requires search query text" classname="MCP input parsing" time="0.000634" file="src/mcp/inputs.test.ts" line="39" assertions="2" />
      <testcase name="accepts structured memory save input" classname="MCP input parsing" time="0.001837" file="src/mcp/inputs.test.ts" line="46" assertions="1" />
      <testcase name="accepts structured memory batches and diary save input" classname="MCP input parsing" time="0.000879" file="src/mcp/inputs.test.ts" line="67" assertions="2" />
      <testcase name="rejects raw chat transcript save input" classname="MCP input parsing" time="0.000348" file="src/mcp/inputs.test.ts" line="123" assertions="1" />
      <testcase name="requires id or query for forget input" classname="MCP input parsing" time="0.000606" file="src/mcp/inputs.test.ts" line="131" assertions="2" />
      <testcase name="exposes discoverable save schema for structured saves" classname="MCP input parsing" time="0.000037" file="src/mcp/inputs.test.ts" line="138" assertions="1" />
    </testsuite>
  </testsuite>
  <testsuite name="src/mcp/retrieval-format.test.ts" file="src/mcp/retrieval-format.test.ts" tests="3" assertions="27" failures="0" skipped="0" time="0" hostname="pizza">
    <testsuite name="retrieval formatter" file="src/mcp/retrieval-format.test.ts" line="9" tests="3" assertions="27" failures="0" skipped="0" time="0.004" hostname="pizza">
      <testcase name="formats warm up text" classname="retrieval formatter" time="0.003488" file="src/mcp/retrieval-format.test.ts" line="10" assertions="15" />
      <testcase name="formats recall and search text" classname="retrieval formatter" time="0.001353" file="src/mcp/retrieval-format.test.ts" line="73" assertions="8" />
      <testcase name="omits empty recall evidence sections" classname="retrieval formatter" time="0.000102" file="src/mcp/retrieval-format.test.ts" line="122" assertions="4" />
    </testsuite>
  </testsuite>
  <testsuite name="src/mining/chunking.test.ts" file="src/mining/chunking.test.ts" tests="2" assertions="4" failures="0" skipped="0" time="0" hostname="pizza">
    <testsuite name="chunkFile" file="src/mining/chunking.test.ts" line="11" tests="2" assertions="4" failures="0" skipped="0" time="0" hostname="pizza">
      <testcase name="creates stable symbol anchors for heuristic code chunks" classname="chunkFile" time="0.000397" file="src/mining/chunking.test.ts" line="12" assertions="2" />
      <testcase name="creates heading and JSON path anchors" classname="chunkFile" time="0.000295" file="src/mining/chunking.test.ts" line="28" assertions="2" />
    </testsuite>
  </testsuite>
  <testsuite name="src/mining/retrieval-documents.test.ts" file="src/mining/retrieval-documents.test.ts" tests="1" assertions="4" failures="0" skipped="0" time="0" hostname="pizza">
    <testsuite name="buildChunkRetrievalTexts" file="src/mining/retrieval-documents.test.ts" line="8" tests="1" assertions="4" failures="0" skipped="0" time="0" hostname="pizza">
      <testcase name="keeps FTS and embedding text bounded" classname="buildChunkRetrievalTexts" time="0.000182" file="src/mining/retrieval-documents.test.ts" line="9" assertions="4" />
    </testsuite>
  </testsuite>
  <testsuite name="src/mining/embedding-pipeline.test.ts" file="src/mining/embedding-pipeline.test.ts" tests="1" assertions="7" failures="0" skipped="0" time="0" hostname="pizza">
    <testsuite name="generateTargetEmbeddings" file="src/mining/embedding-pipeline.test.ts" line="29" tests="1" assertions="7" failures="0" skipped="0" time="0.038" hostname="pizza">
      <testcase name="embeds retrieval documents and reuses by embedding hash" classname="generateTargetEmbeddings" time="0.038052" file="src/mining/embedding-pipeline.test.ts" line="30" assertions="7" />
    </testsuite>
  </testsuite>
  <testsuite name="src/mining/file-scan.test.ts" file="src/mining/file-scan.test.ts" tests="2" assertions="6" failures="0" skipped="0" time="0" hostname="pizza">
    <testsuite name="scanProjectFiles" file="src/mining/file-scan.test.ts" line="30" tests="2" assertions="6" failures="0" skipped="0" time="0.014" hostname="pizza">
      <testcase name="respects .gitignore and .konteksignore while keeping safe files" classname="scanProjectFiles" time="0.010819" file="src/mining/file-scan.test.ts" line="31" assertions="5" />
      <testcase name="skips large files" classname="scanProjectFiles" time="0.004185" file="src/mining/file-scan.test.ts" line="59" assertions="1" />
    </testsuite>
  </testsuite>
  <testsuite name="src/mining/metadata.test.ts" file="src/mining/metadata.test.ts" tests="1" assertions="1" failures="0" skipped="0" time="0" hostname="pizza">
    <testsuite name="extractProjectMetadata" file="src/mining/metadata.test.ts" line="18" tests="1" assertions="1" failures="0" skipped="0" time="0.008" hostname="pizza">
      <testcase name="extracts package, dependency, and workspace metadata" classname="extractProjectMetadata" time="0.008701" file="src/mining/metadata.test.ts" line="19" assertions="1" />
    </testsuite>
  </testsuite>
  <testsuite name="src/mining/classification.test.ts" file="src/mining/classification.test.ts" tests="2" assertions="23" failures="0" skipped="0" time="0" hostname="pizza">
    <testsuite name="detectLanguage" file="src/mining/classification.test.ts" line="4" tests="1" assertions="12" failures="0" skipped="0" time="0" hostname="pizza">
      <testcase name="detects supported languages from extensions" classname="detectLanguage" time="0.000179" file="src/mining/classification.test.ts" line="5" assertions="12" />
    </testsuite>
    <testsuite name="classifySourceRole" file="src/mining/classification.test.ts" line="21" tests="1" assertions="11" failures="0" skipped="0" time="0" hostname="pizza">
      <testcase name="classifies known project paths by retrieval role" classname="classifySourceRole" time="0.000189" file="src/mining/classification.test.ts" line="22" assertions="11" />
    </testsuite>
  </testsuite>
  <testsuite name="src/mining/ignore-rules.test.ts" file="src/mining/ignore-rules.test.ts" tests="4" assertions="20" failures="0" skipped="0" time="0" hostname="pizza">
    <testsuite name="mining ignore rules" file="src/mining/ignore-rules.test.ts" line="7" tests="4" assertions="20" failures="0" skipped="0" time="0.002" hostname="pizza">
      <testcase name="skips dependency, build, memory, secret, and binary paths" classname="mining ignore rules" time="0.002541" file="src/mining/ignore-rules.test.ts" line="8" assertions="9" />
      <testcase name="keeps source and documentation paths" classname="mining ignore rules" time="0.000098" file="src/mining/ignore-rules.test.ts" line="20" assertions="3" />
      <testcase name="respects gitignore patterns and negation" classname="mining ignore rules" time="0.000308" file="src/mining/ignore-rules.test.ts" line="26" assertions="5" />
      <testcase name="uses .konteksignore as extra exclusions only" classname="mining ignore rules" time="0.000119" file="src/mining/ignore-rules.test.ts" line="38" assertions="3" />
    </testsuite>
  </testsuite>
  <testsuite name="src/mining/mine-project.test.ts" file="src/mining/mine-project.test.ts" tests="11" assertions="0" failures="11" skipped="0" time="0" hostname="pizza">
    <testsuite name="mineProject" file="src/mining/mine-project.test.ts" line="94" tests="11" assertions="0" failures="11" skipped="0" time="2.022" hostname="pizza">
      <testcase name="writes a manifest and TOON project summary" classname="mineProject" time="0.112801" file="src/mining/mine-project.test.ts" line="95" assertions="0">
        <failure type="AssertionError" />
      </testcase>
      <testcase name="stores mined chunks, search index entries, taxonomy links, and chronology events" classname="mineProject" time="0.127533" file="src/mining/mine-project.test.ts" line="133" assertions="0">
        <failure type="AssertionError" />
      </testcase>
      <testcase name="searches retrieval documents with vector reranking and safe FTS fallback" classname="mineProject" time="0.114946" file="src/mining/mine-project.test.ts" line="210" assertions="0">
        <failure type="AssertionError" />
      </testcase>
      <testcase name="preserves suppressed mined chunks across reindex" classname="mineProject" time="0.147813" file="src/mining/mine-project.test.ts" line="260" assertions="0">
        <failure type="AssertionError" />
      </testcase>
      <testcase name="reports fresh status after mining and stale after a file change" classname="mineProject" time="0.118688" file="src/mining/mine-project.test.ts" line="323" assertions="0">
        <failure type="AssertionError" />
      </testcase>
      <testcase name="caps chunks per file and reports the diagnostic" classname="mineProject" time="0.785134" file="src/mining/mine-project.test.ts" line="341" assertions="0">
        <failure type="AssertionError" />
      </testcase>
      <testcase name="stores the manifest as local JSON" classname="mineProject" time="0.181818" file="src/mining/mine-project.test.ts" line="366" assertions="0">
        <failure type="AssertionError" />
      </testcase>
      <testcase name="stores reindex mode in manifest" classname="mineProject" time="0.127268" file="src/mining/mine-project.test.ts" line="379" assertions="0">
        <failure type="AssertionError" />
      </testcase>
      <testcase name="changed mode removes deleted-file chunks and preserves unchanged chunks" classname="mineProject" time="0.114492" file="src/mining/mine-project.test.ts" line="401" assertions="0">
        <failure type="AssertionError" />
      </testcase>
      <testcase name="mines repeated anchors with identical content without chunk ID collisions" classname="mineProject" time="0.126183" file="src/mining/mine-project.test.ts" line="434" assertions="0">
        <failure type="AssertionError" />
      </testcase>
      <testcase name="falls back deterministically when parser fails" classname="mineProject" time="0.071429" file="src/mining/mine-project.test.ts" line="454" assertions="0">
        <failure type="AssertionError" />
      </testcase>
    </testsuite>
  </testsuite>
  <testsuite name="src/mining/grammar-loader.test.ts" file="src/mining/grammar-loader.test.ts" tests="3" assertions="12" failures="0" skipped="0" time="0" hostname="pizza">
    <testsuite name="grammar loader" file="src/mining/grammar-loader.test.ts" line="22" tests="3" assertions="12" failures="0" skipped="0" time="0.002" hostname="pizza">
      <testcase name="exposes bundled manifest entries for built-in grammars" classname="grammar loader" time="0.000254" file="src/mining/grammar-loader.test.ts" line="23" assertions="2" />
      <testcase name="loads bundled grammars from package assets" classname="grammar loader" time="0.002398" file="src/mining/grammar-loader.test.ts" line="38" assertions="2" />
      <testcase name="routes paths through the bundled grammar registry" classname="grammar loader" time="0.000307" file="src/mining/grammar-loader.test.ts" line="54" assertions="8" />
    </testsuite>
  </testsuite>
  <testsuite name="src/mining/tree-sitter.test.ts" file="src/mining/tree-sitter.test.ts" tests="3" assertions="14" failures="0" skipped="0" time="0" hostname="pizza">
    <testsuite name="TreeSitterEngine" file="src/mining/tree-sitter.test.ts" line="6" tests="3" assertions="14" failures="0" skipped="0" time="0.122" hostname="pizza">
      <testcase name="extracts symbols from typescript code" classname="TreeSitterEngine" time="0.065626" file="src/mining/tree-sitter.test.ts" line="7" assertions="6" />
      <testcase name="chunks code based on AST boundaries" classname="TreeSitterEngine" time="0.057854" file="src/mining/tree-sitter.test.ts" line="73" assertions="5" />
      <testcase name="falls back to heuristic when engine is missing or fails" classname="TreeSitterEngine" time="0.000376" file="src/mining/tree-sitter.test.ts" line="100" assertions="3" />
    </testsuite>
  </testsuite>
  <testsuite name="src/cli/commands/mcp.test.ts" file="src/cli/commands/mcp.test.ts" tests="3" assertions="0" failures="3" skipped="0" time="0" hostname="pizza">
    <testsuite name="MCP call command" file="src/cli/commands/mcp.test.ts" line="11" tests="3" assertions="0" failures="3" skipped="0" time="0.11" hostname="pizza">
      <testcase name="executes mutating tools in dry-run memory by default" classname="MCP call command" time="0.033405" file="src/cli/commands/mcp.test.ts" line="21" assertions="0">
        <failure type="AssertionError" />
      </testcase>
      <testcase name="executes mutating tools with apply" classname="MCP call command" time="0.034763" file="src/cli/commands/mcp.test.ts" line="53" assertions="0">
        <failure type="AssertionError" />
      </testcase>
      <testcase name="exposes JSON output for tool calls" classname="MCP call command" time="0.043829" file="src/cli/commands/mcp.test.ts" line="94" assertions="0">
        <failure type="AssertionError" />
      </testcase>
    </testsuite>
  </testsuite>
  <testsuite name="src/cli/commands/init.test.ts" file="src/cli/commands/init.test.ts" tests="6" assertions="1" failures="5" skipped="0" time="0" hostname="pizza">
    <testsuite name="init command" file="src/cli/commands/init.test.ts" line="25" tests="6" assertions="1" failures="5" skipped="0" time="0.625" hostname="pizza">
      <testcase name="adds .konteks to .gitignore during init" classname="init command" time="0.125379" file="src/cli/commands/init.test.ts" line="29" assertions="0">
        <failure type="AssertionError" />
      </testcase>
      <testcase name="preserves existing .gitignore entries" classname="init command" time="0.0021" file="src/cli/commands/init.test.ts" line="39" assertions="1" />
      <testcase name="does not duplicate existing .konteks ignore entries" classname="init command" time="0.142528" file="src/cli/commands/init.test.ts" line="50" assertions="0">
        <failure type="AssertionError" />
      </testcase>
      <testcase name="skips when the project is already initialized" classname="init command" time="0.115648" file="src/cli/commands/init.test.ts" line="65" assertions="0">
        <failure type="AssertionError" />
      </testcase>
      <testcase name="finishes setup when a previous init stopped before extraction" classname="init command" time="0.124157" file="src/cli/commands/init.test.ts" line="78" assertions="0">
        <failure type="AssertionError" />
      </testcase>
      <testcase name="continues from existing sections when the manifest is missing" classname="init command" time="0.117425" file="src/cli/commands/init.test.ts" line="93" assertions="0">
        <failure type="AssertionError" />
      </testcase>
    </testsuite>
  </testsuite>
  <testsuite name="src/cli/commands/skills.test.ts" file="src/cli/commands/skills.test.ts" tests="3" assertions="6" failures="0" skipped="0" time="0" hostname="pizza">
    <testsuite name="skills install command" file="src/cli/commands/skills.test.ts" line="17" tests="3" assertions="6" failures="0" skipped="0" time="0.019" hostname="pizza">
      <testcase name="installs Konteks skills" classname="skills install command" time="0.008562" file="src/cli/commands/skills.test.ts" line="18" assertions="4" />
      <testcase name="installs Konteks skills globally" classname="skills install command" time="0.004923" file="src/cli/commands/skills.test.ts" line="49" assertions="1" />
      <testcase name="uses the project override for local install by default" classname="skills install command" time="0.0078" file="src/cli/commands/skills.test.ts" line="63" assertions="1" />
    </testsuite>
  </testsuite>
  <testsuite name="src/cli/commands/status.test.ts" file="src/cli/commands/status.test.ts" tests="4" assertions="8" failures="2" skipped="0" time="0" hostname="pizza">
    <testsuite name="status command" file="src/cli/commands/status.test.ts" line="21" tests="4" assertions="8" failures="2" skipped="0" time="0.226" hostname="pizza">
      <testcase name="prints human-readable memory stats" classname="status command" time="0.099983" file="src/cli/commands/status.test.ts" line="22" assertions="0">
        <failure type="AssertionError" />
      </testcase>
      <testcase name="shows changed file count since the last extraction" classname="status command" time="0.109417" file="src/cli/commands/status.test.ts" line="82" assertions="0">
        <failure type="AssertionError" />
      </testcase>
      <testcase name="suggests init when project memory is not initialized" classname="status command" time="0.018421" file="src/cli/commands/status.test.ts" line="119" assertions="3" />
      <testcase name="supports colorized formatting for terminal output" classname="status command" time="0.000995" file="src/cli/commands/status.test.ts" line="137" assertions="5" />
    </testsuite>
  </testsuite>
</testsuites>
